I'm sorry, but errors were detected in your script. Please correct the
errors listed below, and try again.


File "game/cmd.rpy", line 30: is not terminated with a newline. (Check strings and parenthesis.)
(Perhaps you left out a " at the end of the first line.)
            h "De este modo sacaras mucho mejor provecho de este curso

Ren'Py Version: Ren'Py 6.99.10.1227
